// Vitest Snapshot v1, https://vitest.dev/guide/snapshot.html

exports[`<VendorPage/> > should render the vendors table content properly 1`] = `
"Evaluation Form
Search
Search Vendor
Lorem Ipsum

Vendor NameLocationPerformance ScoreAdriza Nikmah, PTIndonesia0...Toko AmazonIndonesia0...Aneka WarnaIndonesia0...Angkasa Buana Niaga Cipta, PTIndonesia0...Apartement Permata SenayanIndonesia0...Arta MuaraIndonesia0...Asaba Computer CentreIndonesia1...Astra Graphia TBK, PTIndonesia0...Asus Service CenterIndonesia0...Atrindo Asia Global, PTIndonesia0...
undefinedPrevious123undefinedMore pagesNext
undefined
0 of 99 row(s) selectedEmail Selected VendorÂ© 2024 KOMPAS
Lorem ipsum dolor sit amet, consectetur adipiscing elit, sed do eiusmod tempor incididunt ut labore et dolore magna aliqua. Ut enim ad minim veniam, quis nostrud exercitation ullamco laboris nisi ut aliquip ex ea commodo consequat.
Contact us (Email):"
`;
