// Vitest Snapshot v1, https://vitest.dev/guide/snapshot.html

exports[`<VendorDetailPage /> > should handle when filter by product name returns null 1`] = `
"NameCategoryDescriptionPriceundefinedPreviousundefinedMore pages-101undefinedMore pagesNext
undefined"
`;

exports[`<VendorDetailPage /> > should render the table content properly 1`] = `
"Adriza Nikmah, PTundefinedHeadset dll
undefined
Indonesia
Rating: 0
Inventory List

NameCategoryDescriptionPriceMajalahStationaryMajalahRpÂ 450.000,00 / PcsundefinedMajalahStationaryMajalah$450,000.00 / PcsundefinedMajalahStationaryMajalah$450,000.00 / PcsundefinedundefinedPreviousundefinedMore pages012undefinedMore pagesNext
undefined"
`;
