// Vitest Snapshot v1, https://vitest.dev/guide/snapshot.html

exports[`<VendorDetailPage /> > should handle null response in providesTags 1`] = `
"Evaluation Form
Search
undefined
Rating: 
Showing vendor performance by .....

Inventory List
© 2024 KOMPAS
Lorem ipsum dolor sit amet, consectetur adipiscing elit, sed do eiusmod tempor incididunt ut labore et dolore magna aliqua. Ut enim ad minim veniam, quis nostrud exercitation ullamco laboris nisi ut aliquip ex ea commodo consequat.
Contact us (Email):"
`;

exports[`<VendorDetailPage /> > should render the table content properly 1`] = `
"Evaluation Form
Search
Adriza Nikmah, PTundefinedHeadset dll
Rating: 0
Showing vendor performance by .....

Inventory List

NameDescriptionModified DateKipas AnginKipas Angin2020-11-02T07:44:58ZundefinedBlenderBlender2020-11-02T07:44:58ZundefinedRemote TVRemote TV2020-11-02T07:44:58Zundefined1© 2024 KOMPAS
Lorem ipsum dolor sit amet, consectetur adipiscing elit, sed do eiusmod tempor incididunt ut labore et dolore magna aliqua. Ut enim ad minim veniam, quis nostrud exercitation ullamco laboris nisi ut aliquip ex ea commodo consequat.
Contact us (Email):"
`;
