// Vitest Snapshot v1, https://vitest.dev/guide/snapshot.html

exports[`<VendorPage/> > should render the vendors table content properly 1`] = `
"ZOD_PARSING_ERROR
Response does not match validator schema:
locations: Requiredundefined
Evaluation Form
SearchLog out
Search Vendor
Lorem Ipsum
Select Location...
undefined
Vendor NameLocationPerformance ScoreAdriza Nikmah, PTIndonesia0undefinedToko AmazonIndonesia0undefinedAneka WarnaIndonesia0undefinedAngkasa Buana Niaga Cipta, PTIndonesia0undefinedApartement Permata SenayanIndonesia0undefinedArta MuaraIndonesia0undefinedAsaba Computer CentreIndonesia1undefinedAstra Graphia TBK, PTIndonesia0undefinedAsus Service CenterIndonesia0undefinedAtrindo Asia Global, PTIndonesia0undefined
undefinedPreviousundefinedMore pages012undefinedMore pagesNext
undefined
0 of 99 row(s) selectedEmail Selected VendorÂ© 2024 KOMPAS
Lorem ipsum dolor sit amet, consectetur adipiscing elit, sed do eiusmod tempor incididunt ut labore et dolore magna aliqua. Ut enim ad minim veniam, quis nostrud exercitation ullamco laboris nisi ut aliquip ex ea commodo consequat.
Contact us (Email):"
`;
